# PayCraft dashboard → Cloudflare Worker RUNTIME secret map.
# (Authoritative alias→env-NAME mapping — replaces the guessy sync, since the
#  dashboard reads env names that differ from the vault env_var fields, and some
#  values are needed under TWO names. Consumed by infra/deploy/deploy.sh
#  phase_2_secrets_sync at `/paycraft-deploy prod`.)
#
# Format:  WORKER_ENV_NAME = vault-alias
#   - Lines starting with # and blank lines are ignored.
#   - The SAME vault-alias may back MULTIPLE env names (value set under each).
#   - An alias that does not resolve in the vault is SKIPPED (nullable/optional),
#     never fatal — the deploy warns and continues.
#
# Provenance (2026-08-23): the 15 core secrets already exist in the mbs vault
# with real values. Vercel could NOT be the migration source — its prod env vars
# are type "Sensitive" (write-only; `vercel env pull` returns "[SENSITIVE]"). The
# vault is the SoT. NEXT_PUBLIC_APP_ENV + NEXT_PUBLIC_PAYCRAFT_DASHBOARD_URL are
# NON-secret → set in wrangler.jsonc `vars`, not here.
#
# Deliberately OMITTED:
#   POSTMARK_SERVER_TOKEN   — lib/email.ts is dead code (imported nowhere); never loads.
#   STRIPE_PRO_PRICE_ID     — code has a safe fallback ("price_pro_monthly").
#   STRIPE_ENTERPRISE_PRICE_ID — code fallback ("price_enterprise_monthly").
#   NEXT_PUBLIC_GA_ID       — public GA id; optional; set as a var if analytics wanted.

# ── Supabase ──
NEXT_PUBLIC_SUPABASE_URL          = framework-supabase-url
NEXT_PUBLIC_PAYCRAFT_SUPABASE_URL = framework-supabase-url
NEXT_PUBLIC_SUPABASE_ANON_KEY     = framework-supabase-anon-key
SUPABASE_SERVICE_ROLE_KEY         = framework-supabase-service-role-key

# ── Stripe (STRIPE_SECRET_KEY + the PAYCRAFT_CLOUD_* alias share one value) ──
STRIPE_SECRET_KEY                 = paycraft-stripe-platform-secret-key
PAYCRAFT_CLOUD_STRIPE_SECRET_KEY  = paycraft-stripe-platform-secret-key
STRIPE_CONNECT_CLIENT_ID          = paycraft-stripe-connect-client-id

# ── OAuth state signing (reuses the encryption key per project decision) ──
PAYCRAFT_OAUTH_STATE_SECRET       = paycraft-encryption-key
